// Jest Snapshot v1, https://goo.gl/fbAQLP

exports[`AdminPanel tests Panel Administrator renders 1`] = `ShallowWrapper {}`;
